
running 0 tests

test result: ok. 0 passed; 0 failed; 0 ignored; 0 measured; 0 filtered out; finished in 0.00s


running 6 tests
/home/ava/Desktop/Dropwise/prospective/t2-bb8/../runs/t2/s2_1a: 3 plans, 0 violations, 0 unrealized, exhaustive=true
dropwise: 1 target(s), 3 cancellation plan(s) explored

/home/ava/Desktop/Dropwise/prospective/t2-bb8/../runs/t2-control/s2_1a: 3 plans, 3 violations, 0 unrealized, exhaustive=true
dropwise: 1 target(s), 3 cancellation plan(s) explored
  target #0 (tests/scenarios.rs:151:1) loses after pending #1, competitor ready immediately -> Cancelled:
    invariant violated: C2(a) capacity lost: get 2 of 2 failed: TimedOut
  target #0 (tests/scenarios.rs:151:1) loses after pending #1, competitor ready after 1 reschedule(s) -> Cancelled:
    invariant violated: C2(a) capacity lost: get 2 of 2 failed: TimedOut
  target #0 (tests/scenarios.rs:151:1) loses after pending #1, competitor ready after 1ms -> Cancelled:
    invariant violated: C2(a) capacity lost: get 2 of 2 failed: TimedOut

./home/ava/Desktop/Dropwise/prospective/t2-bb8/../runs/t2/s2_1b: 0 plans, 0 violations, 0 unrealized, exhaustive=true
dropwise: 1 target(s), 0 cancellation plan(s) explored

/home/ava/Desktop/Dropwise/prospective/t2-bb8/../runs/t2-control/s2_1b: 0 plans, 0 violations, 0 unrealized, exhaustive=true
dropwise: 1 target(s), 0 cancellation plan(s) explored

./home/ava/Desktop/Dropwise/prospective/t2-bb8/../runs/t2/s2_2: 6 plans, 0 violations, 0 unrealized, exhaustive=true
dropwise: 1 target(s), 6 cancellation plan(s) explored

/home/ava/Desktop/Dropwise/prospective/t2-bb8/../runs/t2-control/s2_2: 6 plans, 3 violations, 0 unrealized, exhaustive=true
dropwise: 1 target(s), 6 cancellation plan(s) explored
  target #0 (tests/scenarios.rs:151:1) loses after pending #2, competitor ready immediately -> Cancelled:
    invariant violated: C2(a) capacity lost: get 2 of 2 failed: TimedOut
  target #0 (tests/scenarios.rs:151:1) loses after pending #2, competitor ready after 1 reschedule(s) -> Cancelled:
    invariant violated: C2(a) capacity lost: get 2 of 2 failed: TimedOut
  target #0 (tests/scenarios.rs:151:1) loses after pending #2, competitor ready after 1ms -> Cancelled:
    invariant violated: C2(a) capacity lost: get 2 of 2 failed: TimedOut

./home/ava/Desktop/Dropwise/prospective/t2-bb8/../runs/t2/s2_3: 3 plans, 0 violations, 0 unrealized, exhaustive=true
dropwise: 1 target(s), 3 cancellation plan(s) explored

/home/ava/Desktop/Dropwise/prospective/t2-bb8/../runs/t2-control/s2_3: 3 plans, 0 violations, 0 unrealized, exhaustive=true
dropwise: 1 target(s), 3 cancellation plan(s) explored

./home/ava/Desktop/Dropwise/prospective/t2-bb8/../runs/t2/s2_4: 3 plans, 0 violations, 0 unrealized, exhaustive=true
dropwise: 1 target(s), 3 cancellation plan(s) explored

/home/ava/Desktop/Dropwise/prospective/t2-bb8/../runs/t2-control/s2_4: 3 plans, 3 violations, 0 unrealized, exhaustive=true
dropwise: 1 target(s), 3 cancellation plan(s) explored
  target #0 (tests/scenarios.rs:151:1) loses after pending #1, competitor ready immediately -> Cancelled:
    invariant violated: C2(a) capacity lost: get 2 of 2 failed: TimedOut
  target #0 (tests/scenarios.rs:151:1) loses after pending #1, competitor ready after 1 reschedule(s) -> Cancelled:
    invariant violated: C2(a) capacity lost: get 2 of 2 failed: TimedOut
  target #0 (tests/scenarios.rs:151:1) loses after pending #1, competitor ready after 1ms -> Cancelled:
    invariant violated: C2(a) capacity lost: get 2 of 2 failed: TimedOut

./home/ava/Desktop/Dropwise/prospective/t2-bb8/../runs/t2/s2_5: 54 plans, 0 violations, 0 unrealized, exhaustive=true
dropwise: 2 target(s), 54 cancellation plan(s) explored

/home/ava/Desktop/Dropwise/prospective/t2-bb8/../runs/t2-control/s2_5: 63 plans, 42 violations, 0 unrealized, exhaustive=true
dropwise: 2 target(s), 63 cancellation plan(s) explored
  target #0 (tests/scenarios.rs:151:1) loses after pending #2, competitor ready immediately -> Cancelled:
    invariant violated: C2(a) capacity lost: get 2 of 2 failed: TimedOut
  target #0 (tests/scenarios.rs:151:1) loses after pending #2, competitor ready after 1 reschedule(s) -> Cancelled:
    invariant violated: C2(a) capacity lost: get 2 of 2 failed: TimedOut
  target #0 (tests/scenarios.rs:151:1) loses after pending #2, competitor ready after 1ms -> Cancelled:
    invariant violated: C2(a) capacity lost: get 2 of 2 failed: TimedOut
  target #1 (tests/scenarios.rs:151:1) loses after pending #1, competitor ready immediately -> Cancelled:
    invariant violated: C2(a) capacity lost: get 2 of 2 failed: TimedOut
  target #1 (tests/scenarios.rs:151:1) loses after pending #1, competitor ready after 1 reschedule(s) -> Cancelled:
    invariant violated: C2(a) capacity lost: get 2 of 2 failed: TimedOut
  target #1 (tests/scenarios.rs:151:1) loses after pending #1, competitor ready after 1ms -> Cancelled:
    invariant violated: C2(a) capacity lost: get 2 of 2 failed: TimedOut
  target #0 (tests/scenarios.rs:151:1) loses after pending #1, competitor ready immediately -> Cancelled + target #1 (tests/scenarios.rs:151:1) loses after pending #3, competitor ready immediately -> Cancelled:
    invariant violated: C2(a) capacity lost: get 2 of 2 failed: TimedOut
  target #0 (tests/scenarios.rs:151:1) loses after pending #1, competitor ready immediately -> Cancelled + target #1 (tests/scenarios.rs:151:1) loses after pending #3, competitor ready after 1 reschedule(s) -> Cancelled:
    invariant violated: C2(a) capacity lost: get 2 of 2 failed: TimedOut
  target #0 (tests/scenarios.rs:151:1) loses after pending #1, competitor ready immediately -> Cancelled + target #1 (tests/scenarios.rs:151:1) loses after pending #3, competitor ready after 1ms -> Cancelled:
    invariant violated: C2(a) capacity lost: get 2 of 2 failed: TimedOut
  target #0 (tests/scenarios.rs:151:1) loses after pending #1, competitor ready after 1 reschedule(s) -> Cancelled + target #1 (tests/scenarios.rs:151:1) loses after pending #3, competitor ready immediately -> Cancelled:
    invariant violated: C2(a) capacity lost: get 2 of 2 failed: TimedOut
  target #0 (tests/scenarios.rs:151:1) loses after pending #1, competitor ready after 1 reschedule(s) -> Cancelled + target #1 (tests/scenarios.rs:151:1) loses after pending #3, competitor ready after 1 reschedule(s) -> Cancelled:
    invariant violated: C2(a) capacity lost: get 2 of 2 failed: TimedOut
  target #0 (tests/scenarios.rs:151:1) loses after pending #1, competitor ready after 1 reschedule(s) -> Cancelled + target #1 (tests/scenarios.rs:151:1) loses after pending #3, competitor ready after 1ms -> Cancelled:
    invariant violated: C2(a) capacity lost: get 2 of 2 failed: TimedOut
  target #0 (tests/scenarios.rs:151:1) loses after pending #1, competitor ready after 1ms -> Cancelled + target #1 (tests/scenarios.rs:151:1) loses after pending #3, competitor ready immediately -> Cancelled:
    invariant violated: C2(a) capacity lost: get 2 of 2 failed: TimedOut
  target #0 (tests/scenarios.rs:151:1) loses after pending #1, competitor ready after 1ms -> Cancelled + target #1 (tests/scenarios.rs:151:1) loses after pending #3, competitor ready after 1 reschedule(s) -> Cancelled:
    invariant violated: C2(a) capacity lost: get 2 of 2 failed: TimedOut
  target #0 (tests/scenarios.rs:151:1) loses after pending #1, competitor ready after 1ms -> Cancelled + target #1 (tests/scenarios.rs:151:1) loses after pending #3, competitor ready after 1ms -> Cancelled:
    invariant violated: C2(a) capacity lost: get 2 of 2 failed: TimedOut
  target #0 (tests/scenarios.rs:151:1) loses after pending #2, competitor ready immediately -> Cancelled + target #1 (tests/scenarios.rs:151:1) loses after pending #1, competitor ready immediately -> Cancelled:
    invariant violated: C2(a) capacity lost: get 2 of 2 failed: TimedOut
  target #0 (tests/scenarios.rs:151:1) loses after pending #2, competitor ready immediately -> Cancelled + target #1 (tests/scenarios.rs:151:1) loses after pending #1, competitor ready after 1 reschedule(s) -> Cancelled:
    invariant violated: C2(a) capacity lost: get 2 of 2 failed: TimedOut
  target #0 (tests/scenarios.rs:151:1) loses after pending #2, competitor ready immediately -> Cancelled + target #1 (tests/scenarios.rs:151:1) loses after pending #1, competitor ready after 1ms -> Cancelled:
    invariant violated: C2(a) capacity lost: get 2 of 2 failed: TimedOut
  target #0 (tests/scenarios.rs:151:1) loses after pending #2, competitor ready immediately -> Cancelled + target #1 (tests/scenarios.rs:151:1) loses after pending #2, competitor ready immediately -> Cancelled:
    invariant violated: C2(a) capacity lost: get 2 of 2 failed: TimedOut
  target #0 (tests/scenarios.rs:151:1) loses after pending #2, competitor ready immediately -> Cancelled + target #1 (tests/scenarios.rs:151:1) loses after pending #2, competitor ready after 1 reschedule(s) -> Cancelled:
    invariant violated: C2(a) capacity lost: get 2 of 2 failed: TimedOut
  target #0 (tests/scenarios.rs:151:1) loses after pending #2, competitor ready immediately -> Cancelled + target #1 (tests/scenarios.rs:151:1) loses after pending #2, competitor ready after 1ms -> Cancelled:
    invariant violated: C2(a) capacity lost: get 2 of 2 failed: TimedOut
  target #0 (tests/scenarios.rs:151:1) loses after pending #2, competitor ready immediately -> Cancelled + target #1 (tests/scenarios.rs:151:1) loses after pending #3, competitor ready immediately -> Cancelled:
    invariant violated: C2(a) capacity lost: get 1 of 2 failed: TimedOut
  target #0 (tests/scenarios.rs:151:1) loses after pending #2, competitor ready immediately -> Cancelled + target #1 (tests/scenarios.rs:151:1) loses after pending #3, competitor ready after 1 reschedule(s) -> Cancelled:
    invariant violated: C2(a) capacity lost: get 1 of 2 failed: TimedOut
  target #0 (tests/scenarios.rs:151:1) loses after pending #2, competitor ready immediately -> Cancelled + target #1 (tests/scenarios.rs:151:1) loses after pending #3, competitor ready after 1ms -> Cancelled:
    invariant violated: C2(a) capacity lost: get 1 of 2 failed: TimedOut
  target #0 (tests/scenarios.rs:151:1) loses after pending #2, competitor ready after 1 reschedule(s) -> Cancelled + target #1 (tests/scenarios.rs:151:1) loses after pending #1, competitor ready immediately -> Cancelled:
    invariant violated: C2(a) capacity lost: get 2 of 2 failed: TimedOut
  target #0 (tests/scenarios.rs:151:1) loses after pending #2, competitor ready after 1 reschedule(s) -> Cancelled + target #1 (tests/scenarios.rs:151:1) loses after pending #1, competitor ready after 1 reschedule(s) -> Cancelled:
    invariant violated: C2(a) capacity lost: get 2 of 2 failed: TimedOut
  target #0 (tests/scenarios.rs:151:1) loses after pending #2, competitor ready after 1 reschedule(s) -> Cancelled + target #1 (tests/scenarios.rs:151:1) loses after pending #1, competitor ready after 1ms -> Cancelled:
    invariant violated: C2(a) capacity lost: get 2 of 2 failed: TimedOut
  target #0 (tests/scenarios.rs:151:1) loses after pending #2, competitor ready after 1 reschedule(s) -> Cancelled + target #1 (tests/scenarios.rs:151:1) loses after pending #2, competitor ready immediately -> Cancelled:
    invariant violated: C2(a) capacity lost: get 2 of 2 failed: TimedOut
  target #0 (tests/scenarios.rs:151:1) loses after pending #2, competitor ready after 1 reschedule(s) -> Cancelled + target #1 (tests/scenarios.rs:151:1) loses after pending #2, competitor ready after 1 reschedule(s) -> Cancelled:
    invariant violated: C2(a) capacity lost: get 2 of 2 failed: TimedOut
  target #0 (tests/scenarios.rs:151:1) loses after pending #2, competitor ready after 1 reschedule(s) -> Cancelled + target #1 (tests/scenarios.rs:151:1) loses after pending #2, competitor ready after 1ms -> Cancelled:
    invariant violated: C2(a) capacity lost: get 2 of 2 failed: TimedOut
  target #0 (tests/scenarios.rs:151:1) loses after pending #2, competitor ready after 1 reschedule(s) -> Cancelled + target #1 (tests/scenarios.rs:151:1) loses after pending #3, competitor ready immediately -> Cancelled:
    invariant violated: C2(a) capacity lost: get 1 of 2 failed: TimedOut
  target #0 (tests/scenarios.rs:151:1) loses after pending #2, competitor ready after 1 reschedule(s) -> Cancelled + target #1 (tests/scenarios.rs:151:1) loses after pending #3, competitor ready after 1 reschedule(s) -> Cancelled:
    invariant violated: C2(a) capacity lost: get 1 of 2 failed: TimedOut
  target #0 (tests/scenarios.rs:151:1) loses after pending #2, competitor ready after 1 reschedule(s) -> Cancelled + target #1 (tests/scenarios.rs:151:1) loses after pending #3, competitor ready after 1ms -> Cancelled:
    invariant violated: C2(a) capacity lost: get 1 of 2 failed: TimedOut
  target #0 (tests/scenarios.rs:151:1) loses after pending #2, competitor ready after 1ms -> Cancelled + target #1 (tests/scenarios.rs:151:1) loses after pending #1, competitor ready immediately -> Cancelled:
    invariant violated: C2(a) capacity lost: get 2 of 2 failed: TimedOut
  target #0 (tests/scenarios.rs:151:1) loses after pending #2, competitor ready after 1ms -> Cancelled + target #1 (tests/scenarios.rs:151:1) loses after pending #1, competitor ready after 1 reschedule(s) -> Cancelled:
    invariant violated: C2(a) capacity lost: get 2 of 2 failed: TimedOut
  target #0 (tests/scenarios.rs:151:1) loses after pending #2, competitor ready after 1ms -> Cancelled + target #1 (tests/scenarios.rs:151:1) loses after pending #1, competitor ready after 1ms -> Cancelled:
    invariant violated: C2(a) capacity lost: get 2 of 2 failed: TimedOut
  target #0 (tests/scenarios.rs:151:1) loses after pending #2, competitor ready after 1ms -> Cancelled + target #1 (tests/scenarios.rs:151:1) loses after pending #2, competitor ready immediately -> Cancelled:
    invariant violated: C2(a) capacity lost: get 2 of 2 failed: TimedOut
  target #0 (tests/scenarios.rs:151:1) loses after pending #2, competitor ready after 1ms -> Cancelled + target #1 (tests/scenarios.rs:151:1) loses after pending #2, competitor ready after 1 reschedule(s) -> Cancelled:
    invariant violated: C2(a) capacity lost: get 2 of 2 failed: TimedOut
  target #0 (tests/scenarios.rs:151:1) loses after pending #2, competitor ready after 1ms -> Cancelled + target #1 (tests/scenarios.rs:151:1) loses after pending #2, competitor ready after 1ms -> Cancelled:
    invariant violated: C2(a) capacity lost: get 2 of 2 failed: TimedOut
  target #0 (tests/scenarios.rs:151:1) loses after pending #2, competitor ready after 1ms -> Cancelled + target #1 (tests/scenarios.rs:151:1) loses after pending #3, competitor ready immediately -> Cancelled:
    invariant violated: C2(a) capacity lost: get 1 of 2 failed: TimedOut
  target #0 (tests/scenarios.rs:151:1) loses after pending #2, competitor ready after 1ms -> Cancelled + target #1 (tests/scenarios.rs:151:1) loses after pending #3, competitor ready after 1 reschedule(s) -> Cancelled:
    invariant violated: C2(a) capacity lost: get 1 of 2 failed: TimedOut
  target #0 (tests/scenarios.rs:151:1) loses after pending #2, competitor ready after 1ms -> Cancelled + target #1 (tests/scenarios.rs:151:1) loses after pending #3, competitor ready after 1ms -> Cancelled:
    invariant violated: C2(a) capacity lost: get 1 of 2 failed: TimedOut

.
test result: ok. 6 passed; 0 failed; 0 ignored; 0 measured; 0 filtered out; finished in 0.03s


running 0 tests

test result: ok. 0 passed; 0 failed; 0 ignored; 0 measured; 0 filtered out; finished in 0.00s

