[1] 2026/09/23 17:52:24.487602 [INF] Starting nats-server
[1] 2026/09/23 17:52:24.487643 [INF]   Version:  2.11.6
[1] 2026/09/23 17:52:24.487645 [INF]   Git:      [bc813ee]
[1] 2026/09/23 17:52:24.487646 [INF]   Name:     NABM3SOEPL5JQALZFGITKIE5X2U2KRBRDYHKPTG7R5LA43P3VIXEXSOX
[1] 2026/09/23 17:52:24.487653 [INF]   Node:     8jv0cAvl
[1] 2026/09/23 17:52:24.487653 [INF]   ID:       NABM3SOEPL5JQALZFGITKIE5X2U2KRBRDYHKPTG7R5LA43P3VIXEXSOX
[1] 2026/09/23 17:52:24.487836 [INF] Starting JetStream
[1] 2026/09/23 17:52:24.487844 [WRN] Temporary storage directory used, data could be lost on system reboot
[1] 2026/09/23 17:52:24.488130 [INF]     _ ___ _____ ___ _____ ___ ___   _   __  __
[1] 2026/09/23 17:52:24.488133 [INF]  _ | | __|_   _/ __|_   _| _ \ __| /_\ |  \/  |
[1] 2026/09/23 17:52:24.488134 [INF] | || | _|  | | \__ \ | | |   / _| / _ \| |\/| |
[1] 2026/09/23 17:52:24.488135 [INF]  \__/|___| |_| |___/ |_| |_|_\___/_/ \_\_|  |_|
[1] 2026/09/23 17:52:24.488135 [INF] 
[1] 2026/09/23 17:52:24.488136 [INF]          https://docs.nats.io/jetstream
[1] 2026/09/23 17:52:24.488137 [INF] 
[1] 2026/09/23 17:52:24.488137 [INF] ---------------- JETSTREAM ----------------
[1] 2026/09/23 17:52:24.488139 [INF]   Max Memory:      23.13 GB
[1] 2026/09/23 17:52:24.488141 [INF]   Max Storage:     526.99 GB
[1] 2026/09/23 17:52:24.488141 [INF]   Store Directory: "/tmp/nats/jetstream"
[1] 2026/09/23 17:52:24.488142 [INF]   API Level:       1
[1] 2026/09/23 17:52:24.488143 [INF] -------------------------------------------
[1] 2026/09/23 17:52:24.488884 [INF] Listening for client connections on 0.0.0.0:4222
[1] 2026/09/23 17:52:24.489071 [INF] Server is ready
