[1] 2026/09/23 17:54:15.020164 [INF] Starting nats-server
[1] 2026/09/23 17:54:15.020197 [INF]   Version:  2.11.6
[1] 2026/09/23 17:54:15.020200 [INF]   Git:      [bc813ee]
[1] 2026/09/23 17:54:15.020201 [INF]   Name:     NAGTA6PIGWJ76JRECEQ6WKKSOCJHAXR7CP2LDD4RWVL4LGMRQ4V4TPXR
[1] 2026/09/23 17:54:15.020203 [INF]   Node:     CAI6ZkQb
[1] 2026/09/23 17:54:15.020204 [INF]   ID:       NAGTA6PIGWJ76JRECEQ6WKKSOCJHAXR7CP2LDD4RWVL4LGMRQ4V4TPXR
[1] 2026/09/23 17:54:15.020418 [INF] Starting JetStream
[1] 2026/09/23 17:54:15.020427 [WRN] Temporary storage directory used, data could be lost on system reboot
[1] 2026/09/23 17:54:15.020718 [INF]     _ ___ _____ ___ _____ ___ ___   _   __  __
[1] 2026/09/23 17:54:15.020721 [INF]  _ | | __|_   _/ __|_   _| _ \ __| /_\ |  \/  |
[1] 2026/09/23 17:54:15.020723 [INF] | || | _|  | | \__ \ | | |   / _| / _ \| |\/| |
[1] 2026/09/23 17:54:15.020723 [INF]  \__/|___| |_| |___/ |_| |_|_\___/_/ \_\_|  |_|
[1] 2026/09/23 17:54:15.020724 [INF] 
[1] 2026/09/23 17:54:15.020725 [INF]          https://docs.nats.io/jetstream
[1] 2026/09/23 17:54:15.020725 [INF] 
[1] 2026/09/23 17:54:15.020726 [INF] ---------------- JETSTREAM ----------------
[1] 2026/09/23 17:54:15.020729 [INF]   Max Memory:      23.13 GB
[1] 2026/09/23 17:54:15.020730 [INF]   Max Storage:     527.00 GB
[1] 2026/09/23 17:54:15.020731 [INF]   Store Directory: "/tmp/nats/jetstream"
[1] 2026/09/23 17:54:15.020732 [INF]   API Level:       1
[1] 2026/09/23 17:54:15.020733 [INF] -------------------------------------------
[1] 2026/09/23 17:54:15.021251 [INF] Listening for client connections on 0.0.0.0:4222
[1] 2026/09/23 17:54:15.021412 [INF] Server is ready
