[1] 2026/09/23 17:56:29.119052 [INF] Starting nats-server
[1] 2026/09/23 17:56:29.119090 [INF]   Version:  2.11.6
[1] 2026/09/23 17:56:29.119092 [INF]   Git:      [bc813ee]
[1] 2026/09/23 17:56:29.119093 [INF]   Name:     NBYXHVWZ3RXZBCBNS25J5QAHAI6ETD54ITED7OMXZBYGPIF4V6AORRMH
[1] 2026/09/23 17:56:29.119098 [INF]   Node:     oqy4FEmK
[1] 2026/09/23 17:56:29.119099 [INF]   ID:       NBYXHVWZ3RXZBCBNS25J5QAHAI6ETD54ITED7OMXZBYGPIF4V6AORRMH
[1] 2026/09/23 17:56:29.119409 [INF] Starting JetStream
[1] 2026/09/23 17:56:29.119417 [WRN] Temporary storage directory used, data could be lost on system reboot
[1] 2026/09/23 17:56:29.119684 [INF]     _ ___ _____ ___ _____ ___ ___   _   __  __
[1] 2026/09/23 17:56:29.119690 [INF]  _ | | __|_   _/ __|_   _| _ \ __| /_\ |  \/  |
[1] 2026/09/23 17:56:29.119692 [INF] | || | _|  | | \__ \ | | |   / _| / _ \| |\/| |
[1] 2026/09/23 17:56:29.119692 [INF]  \__/|___| |_| |___/ |_| |_|_\___/_/ \_\_|  |_|
[1] 2026/09/23 17:56:29.119693 [INF] 
[1] 2026/09/23 17:56:29.119694 [INF]          https://docs.nats.io/jetstream
[1] 2026/09/23 17:56:29.119695 [INF] 
[1] 2026/09/23 17:56:29.119696 [INF] ---------------- JETSTREAM ----------------
[1] 2026/09/23 17:56:29.119697 [INF]   Max Memory:      23.13 GB
[1] 2026/09/23 17:56:29.119699 [INF]   Max Storage:     527.00 GB
[1] 2026/09/23 17:56:29.119700 [INF]   Store Directory: "/tmp/nats/jetstream"
[1] 2026/09/23 17:56:29.119701 [INF]   API Level:       1
[1] 2026/09/23 17:56:29.119702 [INF] -------------------------------------------
[1] 2026/09/23 17:56:29.120151 [INF] Listening for client connections on 0.0.0.0:4222
[1] 2026/09/23 17:56:29.120316 [INF] Server is ready
